input:
  chord_names: fmaj7
  key: F
  tempo: 130
  style: bossa_nova
output: !!binary |
  TVRoZAAAAAYAAQAGA8BNVHJrAAAACwD/UQMHCuIA/y8ATVRyawAAABAA/wMFUGlhbm8AwAAA/y8A
  TVRyawAAADMA/wMEQmFzcwDBIACRHWSLIIEdZACRImSDYIEiZACRImSLIIEiZACRHWSDYIEdZAD/
  LwBNVHJrAAAAOQD/AwVEcnVtcwCZM2QAmSNkh0CJM2QAmTNkh0CJM2QAmTNkh0CJM2QAmTNkh0CJ
  M2QAiSNkAP8vAE1UcmsAAAAoAP8DClBlcmN1c3Npb24Aw3SHQJM+ZIsggz5kAJM+ZIsggz5kAP8v
  AE1UcmsAAAAyAP8DBkd1aXRhcgDEGQCUQWQAlDxkAJRAZACUOWSeAIRBZACEPGQAhEBkAIQ5ZAD/
  LwA=
