input:
  chord_numbers: 1 2 3 4 5 6 7 1 1 7 6 5 4 3 2 1
  key: C
  tempo: 180
  style: jazz
output: !!binary |
  TVRoZAAAAAYAAQAGA8BNVHJrAAAACwD/UQMFFhUA/y8ATVRyawAACG8A/wMFUGlhbm8AwAAAkDxk
  AJBAZACQQ2QAkEdkjD+APGQAgEBkAIBDZACAR2QAkDxkAJBAZACQQ2QAkEdkgSCAPGQAgEBkAIBD
  ZACAR2SQIZA+ZACQQWQAkEVkAJA8ZIw/gD5kAIBBZACARWQAgDxkAJA+ZACQQWQAkEVkAJA8ZIEg
  gD5kAIBBZACARWQAgDxkkCGQQGQAkENkAJBHZACQPmSMP4BAZACAQ2QAgEdkAIA+ZAGQQGQAkENk
  AJBHZACQPmSBIIBAZACAQ2QAgEdkAIA+ZJAgkEFkAJBFZACQPGQAkEBkjD+AQWQAgEVkAIA8ZACA
  QGQBkEFkAJBFZACQPGQAkEBkgSCAQWQAgEVkAIA8ZACAQGSQIJBDZACQR2QAkD5kAJBBZIw/gENk
  AIBHZACAPmQAgEFkAZBDZACQR2QAkD5kAJBBZIEggENkAIBHZACAPmQAgEFkkCCQRWQAkDxkAJBA
  ZACQQ2SMP4BFZACAPGQAgEBkAIBDZAGQRWQAkDxkAJBAZACQQ2SBIIBFZACAPGQAgEBkAIBDZJAg
  kEdkAJA+ZACQQWQAkEVkjD+AR2QAgD5kAIBBZACARWQBkEdkAJA+ZACQQWQAkEVkgSCAR2QAgD5k
  AIBBZACARWSQIJA8ZACQQGQAkENkAJBHZIw/gDxkAIBAZACAQ2QAgEdkAZA8ZACQQGQAkENkAJBH
  ZIEggDxkAIBAZACAQ2QAgEdkkCCQPGQAkEBkAJBDZACQR2SMP4A8ZACAQGQAgENkAIBHZACQPGQA
  kEBkAJBDZACQR2SBIIA8ZACAQGQAgENkAIBHZJAhkEdkAJA+ZACQQWQAkEVkjD+AR2QAgD5kAIBB
  ZACARWQBkEdkAJA+ZACQQWQAkEVkgSCAR2QAgD5kAIBBZACARWSQIJBFZACQPGQAkEBkAJBDZIw/
  gEVkAIA8ZACAQGQAgENkAZBFZACQPGQAkEBkAJBDZIEggEVkAIA8ZACAQGQAgENkkCCQQ2QAkEdk
  AJA+ZACQQWSMP4BDZACAR2QAgD5kAIBBZAGQQ2QAkEdkAJA+ZACQQWSBIIBDZACAR2QAgD5kAIBB
  ZJAgkEFkAJBFZACQPGQAkEBkjD+AQWQAgEVkAIA8ZACAQGQBkEFkAJBFZACQPGQAkEBkgSCAQWQA
  gEVkAIA8ZACAQGSQIJBAZACQQ2QAkEdkAJA+ZIw/gEBkAIBDZACAR2QAgD5kAZBAZACQQ2QAkEdk
  AJA+ZIEggEBkAIBDZACAR2QAgD5kkCCQPmQAkEFkAJBFZACQPGSMP4A+ZACAQWQAgEVkAIA8ZAGQ
  PmQAkEFkAJBFZACQPGSBIIA+ZACAQWQAgEVkAIA8ZJAgkDxkAJBAZACQQ2QAkEdkjD+APGQAgEBk
  AIBDZACAR2QBkDxkAJBAZACQQ2QAkEdkgSCAPGQAgEBkAIBDZACAR2SQIJA8ZACQQGQAkENkAJBH
  ZIw/gDxkAIBAZACAQ2QAgEdkAZA8ZACQQGQAkENkAJBHZIEggDxkAIBAZACAQ2QAgEdkkCCQPmQA
  kEFkAJBFZACQPGSMP4A+ZACAQWQAgEVkAIA8ZAGQPmQAkEFkAJBFZACQPGSBIIA+ZACAQWQAgEVk
  AIA8ZJAgkEBkAJBDZACQR2QAkD5kjD+AQGQAgENkAIBHZACAPmQBkEBkAJBDZACQR2QAkD5kgSCA
  QGQAgENkAIBHZACAPmSQIJBBZACQRWQAkDxkAJBAZIw/gEFkAIBFZACAPGQAgEBkAZBBZACQRWQA
  kDxkAJBAZIEggEFkAIBFZACAPGQAgEBkkCCQQ2QAkEdkAJA+ZACQQWSMP4BDZACAR2QAgD5kAIBB
  ZAGQQ2QAkEdkAJA+ZACQQWSBIIBDZACAR2QAgD5kAIBBZJAgkEVkAJA8ZACQQGQAkENkjD+ARWQA
  gDxkAIBAZACAQ2QBkEVkAJA8ZACQQGQAkENkgSCARWQAgDxkAIBAZACAQ2SQIJBHZACQPmQAkEFk
  AJBFZIw/gEdkAIA+ZACAQWQAgEVkAZBHZACQPmQAkEFkAJBFZIEggEdkAIA+ZACAQWQAgEVkkCCQ
  PGQAkEBkAJBDZACQR2SMP4A8ZACAQGQAgENkAIBHZAGQPGQAkEBkAJBDZACQR2SBIIA8ZACAQGQA
  gENkAIBHZJAgkDxkAJBAZACQQ2QAkEdkjD+APGQAgEBkAIBDZACAR2QBkDxkAJBAZACQQ2QAkEdk
  gSCAPGQAgEBkAIBDZACAR2SQIJBHZACQPmQAkEFkAJBFZIw/gEdkAIA+ZACAQWQAgEVkAZBHZACQ
  PmQAkEFkAJBFZIEggEdkAIA+ZACAQWQAgEVkkCCQRWQAkDxkAJBAZACQQ2SMP4BFZACAPGQAgEBk
  AIBDZAGQRWQAkDxkAJBAZACQQ2SBIIBFZACAPGQAgEBkAIBDZJAgkENkAJBHZACQPmQAkEFkjD+A
  Q2QAgEdkAIA+ZACAQWQBkENkAJBHZACQPmQAkEFkgSCAQ2QAgEdkAIA+ZACAQWSQIJBBZACQRWQA
  kDxkAJBAZIw/gEFkAIBFZACAPGQAgEBkAZBBZACQRWQAkDxkAJBAZIEggEFkAIBFZACAPGQAgEBk
  kCCQQGQAkENkAJBHZACQPmSMP4BAZACAQ2QAgEdkAIA+ZAGQQGQAkENkAJBHZACQPmSBIIBAZACA
  Q2QAgEdkAIA+ZJAgkD5kAJBBZACQRWQAkDxkjD+APmQAgEFkAIBFZACAPGQBkD5kAJBBZACQRWQA
  kDxkgSCAPmQAgEFkAIBFZACAPGSQIJA8ZACQQGQAkENkAJBHZIw/gDxkAIBAZACAQ2QAgEdkAZA8
  ZACQQGQAkENkAJBHZIEggDxkAIBAZACAQ2QAgEdkAP8vAE1UcmsAAASPAP8DBEJhc3MAwSAAkSRk
  h0CBJGQAkShkh0CBKGQAkStkh0CBK2QAkS9kh0CBL2QAkSZkh0CBJmQAkSlkh0CBKWQAkS1kh0CB
  LWQAkSRkh0CBJGQAkShkh0CBKGQAkStkh0CBK2QAkS9kh0CBL2QAkSZkh0CBJmQAkSlkh0CBKWQA
  kS1kh0CBLWQAkSRkh0CBJGQAkShkh0CBKGQAkStkh0CBK2QAkS9kh0CBL2QAkSZkh0CBJmQAkSlk
  h0CBKWQAkS1kh0CBLWQAkSRkh0CBJGQAkShkh0CBKGQAkStkh0CBK2QAkS9kh0CBL2QAkSZkh0CB
  JmQAkSlkh0CBKWQAkS1kh0CBLWQAkSRkh0CBJGQAkShkh0CBKGQAkStkh0CBK2QAkS9kh0CBL2QA
  kSRkh0CBJGQAkShkh0CBKGQAkStkh0CBK2QAkS9kh0CBL2QAkS9kh0CBL2QAkSZkh0CBJmQAkSlk
  h0CBKWQAkS1kh0CBLWQAkS1kh0CBLWQAkSRkh0CBJGQAkShkh0CBKGQAkStkh0CBK2QAkStkh0CB
  K2QAkS9kh0CBL2QAkSZkh0CBJmQAkSlkh0CBKWQAkSlkh0CBKWQAkS1kh0CBLWQAkSRkh0CBJGQA
  kShkh0CBKGQAkShkh0CBKGQAkStkh0CBK2QAkS9kh0CBL2QAkSZkh0CBJmQAkSZkh0CBJmQAkSlk
  h0CBKWQAkS1kh0CBLWQAkSRkh0CBJGQAkSRkh0CBJGQAkShkh0CBKGQAkStkh0CBK2QAkS9kh0CB
  L2QAkSRkh0CBJGQAkShkh0CBKGQAkStkh0CBK2QAkS9kh0CBL2QAkSZkh0CBJmQAkSlkh0CBKWQA
  kS1kh0CBLWQAkSRkh0CBJGQAkShkh0CBKGQAkStkh0CBK2QAkS9kh0CBL2QAkSZkh0CBJmQAkSlk
  h0CBKWQAkS1kh0CBLWQAkSRkh0CBJGQAkShkh0CBKGQAkStkh0CBK2QAkS9kh0CBL2QAkSZkh0CB
  JmQAkSlkh0CBKWQAkS1kh0CBLWQAkSRkh0CBJGQAkShkh0CBKGQAkStkh0CBK2QAkS9kh0CBL2QA
  kSZkh0CBJmQAkSlkh0CBKWQAkS1kh0CBLWQAkSRkh0CBJGQAkShkh0CBKGQAkStkh0CBK2QAkS9k
  h0CBL2QAkSRkh0CBJGQAkShkh0CBKGQAkStkh0CBK2QAkS9kh0CBL2QAkS9kh0CBL2QAkSZkh0CB
  JmQAkSlkh0CBKWQAkS1kh0CBLWQAkS1kh0CBLWQAkSRkh0CBJGQAkShkh0CBKGQAkStkh0CBK2QA
  kStkh0CBK2QAkS9kh0CBL2QAkSZkh0CBJmQAkSlkh0CBKWQAkSlkh0CBKWQAkS1kh0CBLWQAkSRk
  h0CBJGQAkShkh0CBKGQAkShkh0CBKGQAkStkh0CBK2QAkS9kh0CBL2QAkSZkh0CBJmQAkSZkh0CB
  JmQAkSlkh0CBKWQAkS1kh0CBLWQAkSRkh0CBJGQAkSRkh0CBJGQAkShkh0CBKGQAkStkh0CBK2QA
  kS9kh0CBL2QA/y8ATVRyawAACu0A/wMFRHJ1bXMAmSNkAJkzZIdAiTNkAJkzZIR/iTNkAJkzZIJA
  iSNkAIkzZACZI2QAmTNkhQGZJmSCP4kzZAGZM2SFAIkzZACJJmQAmTNkAJkmZII/iSNkAYkzZACJ
  JmQAmSNkAJkzZIdAiTNkAJkzZIUAiTNkAJkzZIJAiSNkAIkzZACZI2QAmTNkhQCZJmSCQIkzZACZ
  M2SFAIkzZACJJmQAmTNkAJkmZIJAiSNkAIkzZACJJmQAmSNkAJkzZIdAiTNkAJkzZIUAiTNkAJkz
  ZIJAiSNkAIkzZACZI2QAmTNkhQCZJmSCQIkzZACZM2SFAIkzZACJJmQAmTNkAJkmZIJAiSNkAIkz
  ZACJJmQAmSNkAJkzZIdAiTNkAJkzZIUAiTNkAJkzZIJAiSNkAIkzZACZI2QAmTNkhQCZJmSCQIkz
  ZACZM2SFAIkzZACJJmQAmTNkAJkmZIJAiSNkAIkzZACJJmQAmSNkAJkzZIdAiTNkAJkzZIUAiTNk
  AJkzZIJAiSNkAIkzZACZI2QAmTNkhQCZJmSCQIkzZACZM2SFAIkzZACJJmQAmTNkAJkmZIJAiSNk
  AIkzZACJJmQAmSNkAJkzZIdAiTNkAJkzZIUAiTNkAJkzZIJAiSNkAIkzZACZI2QAmTNkhQCZJmSC
  QIkzZACZM2SFAIkzZACJJmQAmTNkAJkmZIJAiSNkAIkzZACJJmQAmSNkAJkzZIdAiTNkAJkzZIUA
  iTNkAJkzZIJAiSNkAIkzZACZI2QAmTNkhQCZJmSCQIkzZACZM2SFAIkzZACJJmQAmTNkAJkmZIJA
  iSNkAIkzZACJJmQAmSNkAJkzZIdAiTNkAJkzZIUAiTNkAJkzZIJAiSNkAIkzZACZI2QAmTNkhQCZ
  JmSCQIkzZACZM2SFAIkzZACJJmQAmTNkAJkmZIJAiSNkAIkzZACJJmQAmSNkAJkzZIdAiTNkAJkz
  ZIR/iTNkAJkzZIJAiTNkAYkjZACZI2QAmTNkhQCZJmSCQIkzZACZM2SFAIkzZACJJmQAmTNkAJkm
  ZIJAiSNkAIkzZACJJmQAmSNkAJkzZIdAiTNkAJkzZIUAiTNkAJkzZIJAiSNkAIkzZACZI2QAmTNk
  hQCZJmSCQIkzZACZM2SFAIkzZACJJmQAmTNkAJkmZIJAiSNkAIkzZACJJmQAmSNkAJkzZIdAiTNk
  AJkzZIUAiTNkAJkzZIJAiSNkAIkzZACZI2QAmTNkhQCZJmSCQIkzZACZM2SFAIkzZACJJmQAmTNk
  AJkmZIJAiSNkAIkzZACJJmQAmSNkAJkzZIdAiTNkAJkzZIUAiTNkAJkzZIJAiSNkAIkzZACZI2QA
  mTNkhQCZJmSCQIkzZACZM2SFAIkzZACJJmQAmTNkAJkmZIJAiSNkAIkzZACJJmQAmSNkAJkzZIdA
  iTNkAJkzZIUAiTNkAJkzZIJAiSNkAIkzZACZI2QAmTNkhQCZJmSCQIkzZACZM2SFAIkzZACJJmQA
  mTNkAJkmZIJAiSNkAIkzZACJJmQAmSNkAJkzZIdAiTNkAJkzZIUAiTNkAJkzZIJAiSNkAIkzZACZ
  I2QAmTNkhQCZJmSCQIkzZACZM2SFAIkzZACJJmQAmTNkAJkmZIJAiSNkAIkzZACJJmQAmSNkAJkz
  ZIdAiTNkAJkzZIUAiTNkAJkzZIJAiSNkAIkzZACZI2QAmTNkhQCZJmSCQIkzZACZM2SFAIkzZACJ
  JmQAmTNkAJkmZIJAiSNkAIkzZACJJmQAmSNkAJkzZIdAiTNkAJkzZIUAiTNkAJkzZIJAiSNkAIkz
  ZACZI2QAmTNkhQCZJmSCQIkzZACZM2SFAIkzZACJJmQAmTNkAJkmZIJAiSNkAIkzZACJJmQAmSNk
  AJkzZIdAiTNkAJkzZIUAiTNkAJkzZIJAiSNkAIkzZACZI2QAmTNkhQCZJmSCQIkzZACZM2SFAIkz
  ZACJJmQAmTNkAJkmZIJAiSNkAIkzZACJJmQAmSNkAJkzZIdAiTNkAJkzZIUAiTNkAJkzZIJAiSNk
  AIkzZACZI2QAmTNkhQCZJmSCQIkzZACZM2SFAIkzZACJJmQAmTNkAJkmZIJAiSNkAIkzZACJJmQA
  mSNkAJkzZIdAiTNkAJkzZIUAiTNkAJkzZIJAiSNkAIkzZACZI2QAmTNkhQCZJmSCQIkzZACZM2SF
  AIkzZACJJmQAmTNkAJkmZIJAiSNkAIkzZACJJmQAmSNkAJkzZIdAiTNkAJkzZIUAiTNkAJkzZIJA
  iSNkAIkzZACZI2QAmTNkhQCZJmSCQIkzZACZM2SFAIkzZACJJmQAmTNkAJkmZIJAiSNkAIkzZACJ
  JmQAmSNkAJkzZIdAiTNkAJkzZIUAiTNkAJkzZIJAiSNkAIkzZACZI2QAmTNkhQCZJmSCQIkzZACZ
  M2SFAIkzZACJJmQAmTNkAJkmZIJAiSNkAIkzZACJJmQAmSNkAJkzZIdAiTNkAJkzZIUAiTNkAJkz
  ZIJAiSNkAIkzZACZI2QAmTNkhQCZJmSCQIkzZACZM2SFAIkzZACJJmQAmTNkAJkmZIJAiSNkAIkz
  ZACJJmQAmSNkAJkzZIdAiTNkAJkzZIUAiTNkAJkzZIJAiSNkAIkzZACZI2QAmTNkhQCZJmSCQIkz
  ZACZM2SFAIkzZACJJmQAmTNkAJkmZIJAiSNkAIkzZACJJmQAmSNkAJkzZIdAiTNkAJkzZIUAiTNk
  AJkzZIJAiSNkAIkzZACZI2QAmTNkhQCZJmSCQIkzZACZM2SFAIkzZACJJmQAmTNkAJkmZIJAiSNk
  AIkzZACJJmQAmSNkAJkzZIdAiTNkAJkzZIUAiTNkAJkzZIJAiSNkAIkzZACZI2QAmTNkhQCZJmSC
  QIkzZACZM2SFAIkzZACJJmQAmTNkAJkmZIJAiSNkAIkzZACJJmQAmSNkAJkzZIdAiTNkAJkzZIUA
  iTNkAJkzZIJAiSNkAIkzZACZI2QAmTNkhQCZJmSCQIkzZACZM2SFAIkzZACJJmQAmTNkAJkmZIJA
  iSNkAIkzZACJJmQAmSNkAJkzZIdAiTNkAJkzZIUAiTNkAJkzZIJAiSNkAIkzZACZI2QAmTNkhQCZ
  JmSCQIkzZACZM2SFAIkzZACJJmQAmTNkAJkmZIJAiSNkAIkzZACJJmQAmSNkAJkzZIdAiTNkAJkz
  ZIUAiTNkAJkzZIJAiSNkAIkzZACZI2QAmTNkhQCZJmSCQIkzZACZM2SFAIkzZACJJmQAmTNkAJkm
  ZIJAiSNkAIkzZACJJmQAmSNkAJkzZIdAiTNkAJkzZIUAiTNkAJkzZIJAiSNkAIkzZACZI2QAmTNk
  hQCZJmSCQIkzZACZM2SFAIkzZACJJmQAmTNkAJkmZIJAiSNkAIkzZACJJmQAmSNkAJkzZIdAiTNk
  AJkzZIUAiTNkAJkzZIJAiSNkAIkzZACZI2QAmTNkhQCZJmSCQIkzZACZM2SFAIkzZACJJmQAmTNk
  AJkmZIJAiSNkAIkzZACJJmQAmSNkAJkzZIdAiTNkAJkzZIUAiTNkAJkzZIJAiSNkAIkzZACZI2QA
  mTNkhQCZJmSCQIkzZACZM2SFAIkzZACJJmQAmTNkAJkmZIJAiSNkAIkzZACJJmQAmSNkAJkzZIdA
  iTNkAJkzZIUAiTNkAJkzZIJAiSNkAIkzZACZI2QAmTNkhQCZJmSCQIkzZACZM2SFAIkzZACJJmQA
  mTNkAJkmZIJAiSNkAIkzZACJJmQA/y8ATVRyawAAABUA/wMKUGVyY3Vzc2lvbgDDdAD/LwBNVHJr
  AAAAEQD/AwZHdWl0YXIAxBkA/y8A
