input:
  chord_numbers: 1 1 6 6 4 5 1 1
  key: C
  tempo: 120
  style: rock
output: !!binary |
  TVRoZAAAAAYAAQAGA8BNVHJrAAAACwD/UQMHoSAA/y8ATVRyawAAAiAA/wMFUGlhbm8AwAAAkDxk
  AJBAZACQQ2QAkEdkngCAPGQAgEBkAIBDZACAR2QAkDxkAJBAZACQQ2QAkEdkngCAPGQAgEBkAIBD
  ZACAR2QAkEVkAJA8ZACQQGQAkENkngCARWQAgDxkAIBAZACAQ2QAkEVkAJA8ZACQQGQAkENkngCA
  RWQAgDxkAIBAZACAQ2QAkEFkAJBFZACQPGQAkEBkngCAQWQAgEVkAIA8ZACAQGQAkENkAJBHZACQ
  PmQAkEFkngCAQ2QAgEdkAIA+ZACAQWQAkDxkAJBAZACQQ2QAkEdkngCAPGQAgEBkAIBDZACAR2QA
  kDxkAJBAZACQQ2QAkEdkngCAPGQAgEBkAIBDZACAR2QAkDxkAJBAZACQQ2QAkEdkngCAPGQAgEBk
  AIBDZACAR2QAkDxkAJBAZACQQ2QAkEdkngCAPGQAgEBkAIBDZACAR2QAkEVkAJA8ZACQQGQAkENk
  ngCARWQAgDxkAIBAZACAQ2QAkEVkAJA8ZACQQGQAkENkngCARWQAgDxkAIBAZACAQ2QAkEFkAJBF
  ZACQPGQAkEBkngCAQWQAgEVkAIA8ZACAQGQAkENkAJBHZACQPmQAkEFkngCAQ2QAgEdkAIA+ZACA
  QWQAkDxkAJBAZACQQ2QAkEdkngCAPGQAgEBkAIBDZACAR2QAkDxkAJBAZACQQ2QAkEdkngCAPGQA
  gEBkAIBDZACAR2QA/y8ATVRyawAAAk8A/wMEQmFzcwDBIACRGGSHQIEYZACRGGSHQIEYZACRGGSH
  QIEYZACRGGSHQIEYZACRGGSHQIEYZACRGGSHQIEYZACRGGSHQIEYZACRGGSHQIEYZACRIWSHQIEh
  ZACRIWSHQIEhZACRIWSHQIEhZACRIWSHQIEhZACRIWSHQIEhZACRIWSHQIEhZACRIWSHQIEhZACR
  IWSHQIEhZACRHWSHQIEdZACRHWSHQIEdZACRHWSHQIEdZACRHWSHQIEdZACRH2SHQIEfZACRH2SH
  QIEfZACRH2SHQIEfZACRH2SHQIEfZACRGGSHQIEYZACRGGSHQIEYZACRGGSHQIEYZACRGGSHQIEY
  ZACRGGSHQIEYZACRGGSHQIEYZACRGGSHQIEYZACRGGSHQIEYZACRGGSHQIEYZACRGGSHQIEYZACR
  GGSHQIEYZACRGGSHQIEYZACRGGSHQIEYZACRGGSHQIEYZACRGGSHQIEYZACRGGSHQIEYZACRIWSH
  QIEhZACRIWSHQIEhZACRIWSHQIEhZACRIWSHQIEhZACRIWSHQIEhZACRIWSHQIEhZACRIWSHQIEh
  ZACRIWSHQIEhZACRHWSHQIEdZACRHWSHQIEdZACRHWSHQIEdZACRHWSHQIEdZACRH2SHQIEfZACR
  H2SHQIEfZACRH2SHQIEfZACRH2SHQIEfZACRGGSHQIEYZACRGGSHQIEYZACRGGSHQIEYZACRGGSH
  QIEYZACRGGSHQIEYZACRGGSHQIEYZACRGGSHQIEYZACRGGSHQIEYZAD/LwBNVHJrAAAGjQD/AwVE
  cnVtcwCZI2QAmTNkg2CJM2QAmTNkg2CJI2QAiTNkAJkmZACZM2SDYIkzZACZM2SDYIkmZACJM2QA
  mSNkAJkzZINgiTNkAJkzZINgiSNkAIkzZACZJmQAmTNkg2CJM2QAmTNkg2CJJmQAiTNkAJkjZACZ
  M2SDYIkzZACZM2SDYIkjZACJM2QAmSZkAJkzZINgiTNkAJkzZINgiSZkAIkzZACZI2QAmTNkg2CJ
  M2QAmTNkg2CJI2QAiTNkAJkmZACZM2SDYIkzZACZM2SDYIkmZACJM2QAmSNkAJkzZINgiTNkAJkz
  ZINgiSNkAIkzZACZJmQAmTNkg2CJM2QAmTNkg2CJJmQAiTNkAJkjZACZM2SDYIkzZACZM2SDYIkj
  ZACJM2QAmSZkAJkzZINgiTNkAJkzZINgiSZkAIkzZACZI2QAmTNkg2CJM2QAmTNkg2CJI2QAiTNk
  AJkmZACZM2SDYIkzZACZM2SDYIkmZACJM2QAmSNkAJkzZINgiTNkAJkzZINgiSNkAIkzZACZJmQA
  mTNkg2CJM2QAmTNkg2CJJmQAiTNkAJkjZACZM2SDYIkzZACZM2SDYIkjZACJM2QAmSZkAJkzZINg
  iTNkAJkzZINgiSZkAIkzZACZI2QAmTNkg2CJM2QAmTNkg2CJI2QAiTNkAJkmZACZM2SDYIkzZACZ
  M2SDYIkmZACJM2QAmSNkAJkzZINgiTNkAJkzZINgiSNkAIkzZACZJmQAmTNkg2CJM2QAmTNkg2CJ
  JmQAiTNkAJkjZACZM2SDYIkzZACZM2SDYIkjZACJM2QAmSZkAJkzZINgiTNkAJkzZINgiSZkAIkz
  ZACZI2QAmTNkg2CJM2QAmTNkg2CJI2QAiTNkAJkmZACZM2SDYIkzZACZM2SDYIkmZACJM2QAmSNk
  AJkzZINgiTNkAJkzZINgiSNkAIkzZACZJmQAmTNkg2CJM2QAmTNkg2CJJmQAiTNkAJkjZACZM2SD
  YIkzZACZM2SDYIkjZACJM2QAmSZkAJkzZINgiTNkAJkzZINgiSZkAIkzZACZI2QAmTNkg2CJM2QA
  mTNkg2CJI2QAiTNkAJkmZACZM2SDYIkzZACZM2SDYIkmZACJM2QAmSNkAJkzZINgiTNkAJkzZINg
  iSNkAIkzZACZJmQAmTNkg2CJM2QAmTNkg2CJJmQAiTNkAJkjZACZM2SDYIkzZACZM2SDYIkjZACJ
  M2QAmSZkAJkzZINgiTNkAJkzZINgiSZkAIkzZACZI2QAmTNkg2CJM2QAmTNkg2CJI2QAiTNkAJkm
  ZACZM2SDYIkzZACZM2SDYIkmZACJM2QAmSNkAJkzZINgiTNkAJkzZINgiSNkAIkzZACZJmQAmTNk
  g2CJM2QAmTNkg2CJJmQAiTNkAJkjZACZM2SDYIkzZACZM2SDYIkjZACJM2QAmSZkAJkzZINgiTNk
  AJkzZINgiSZkAIkzZACZI2QAmTNkg2CJM2QAmTNkg2CJI2QAiTNkAJkmZACZM2SDYIkzZACZM2SD
  YIkmZACJM2QAmSNkAJkzZINgiTNkAJkzZINgiSNkAIkzZACZJmQAmTNkg2CJM2QAmTNkg2CJJmQA
  iTNkAJkjZACZM2SDYIkzZACZM2SDYIkjZACJM2QAmSZkAJkzZINgiTNkAJkzZINgiSZkAIkzZACZ
  I2QAmTNkg2CJM2QAmTNkg2CJI2QAiTNkAJkmZACZM2SDYIkzZACZM2SDYIkmZACJM2QAmSNkAJkz
  ZINgiTNkAJkzZINgiSNkAIkzZACZJmQAmTNkg2CJM2QAmTNkg2CJJmQAiTNkAJkjZACZM2SDYIkz
  ZACZM2SDYIkjZACJM2QAmSZkAJkzZINgiTNkAJkzZINgiSZkAIkzZACZI2QAmTNkg2CJM2QAmTNk
  g2CJI2QAiTNkAJkmZACZM2SDYIkzZACZM2SDYIkmZACJM2QAmSNkAJkzZINgiTNkAJkzZINgiSNk
  AIkzZACZJmQAmTNkg2CJM2QAmTNkg2CJJmQAiTNkAJkjZACZM2SDYIkzZACZM2SDYIkjZACJM2QA
  mSZkAJkzZINgiTNkAJkzZINgiSZkAIkzZACZI2QAmTNkg2CJM2QAmTNkg2CJI2QAiTNkAJkmZACZ
  M2SDYIkzZACZM2SDYIkmZACJM2QAmSNkAJkzZINgiTNkAJkzZINgiSNkAIkzZACZJmQAmTNkg2CJ
  M2QAmTNkg2CJJmQAiTNkAP8vAE1UcmsAAAAVAP8DClBlcmN1c3Npb24Aw3QA/y8ATVRyawAAAiEA
  /wMGR3VpdGFyAMQZAJQ8ZACUQGQAlENkAJRHZJ4AhDxkAIRAZACEQ2QAhEdkAJQ8ZACUQGQAlENk
  AJRHZJ4AhDxkAIRAZACEQ2QAhEdkAJRFZACUPGQAlEBkAJRDZJ4AhEVkAIQ8ZACEQGQAhENkAJRF
  ZACUPGQAlEBkAJRDZJ4AhEVkAIQ8ZACEQGQAhENkAJRBZACURWQAlDxkAJRAZJ4AhEFkAIRFZACE
  PGQAhEBkAJRDZACUR2QAlD5kAJRBZJ4AhENkAIRHZACEPmQAhEFkAJQ8ZACUQGQAlENkAJRHZJ4A
  hDxkAIRAZACEQ2QAhEdkAJQ8ZACUQGQAlENkAJRHZJ4AhDxkAIRAZACEQ2QAhEdkAJQ8ZACUQGQA
  lENkAJRHZJ4AhDxkAIRAZACEQ2QAhEdkAJQ8ZACUQGQAlENkAJRHZJ4AhDxkAIRAZACEQ2QAhEdk
  AJRFZACUPGQAlEBkAJRDZJ4AhEVkAIQ8ZACEQGQAhENkAJRFZACUPGQAlEBkAJRDZJ4AhEVkAIQ8
  ZACEQGQAhENkAJRBZACURWQAlDxkAJRAZJ4AhEFkAIRFZACEPGQAhEBkAJRDZACUR2QAlD5kAJRB
  ZJ4AhENkAIRHZACEPmQAhEFkAJQ8ZACUQGQAlENkAJRHZJ4AhDxkAIRAZACEQ2QAhEdkAJQ8ZACU
  QGQAlENkAJRHZJ4AhDxkAIRAZACEQ2QAhEdkAP8vAA==
