input:
  chord_numbers: 2 5 | 1 1
  key: C
  tempo: 88
  style: virtual_insanity
output: !!binary |
  TVRoZAAAAAYAAQAGA8BNVHJrAAAACwD/UQMKZ1oA/y8ATVRyawAAAJQA/wMFUGlhbm8AwAAAkD5k
  AJBBZACQRWQAkDxkjwCAPmQAgEFkAIBFZACAPGQAkENkAJBHZACQPmQAkEFkjwCAQ2QAgEdkAIA+
  ZACAQWQAkDxkAJBAZACQQ2QAkEdkjwCAPGQAgEBkAIBDZACAR2QAkDxkAJBAZACQQ2QAkEdkjwCA
  PGQAgEBkAIBDZACAR2QA/y8ATVRyawAAAHsA/wMEQmFzcwDBIACRH2SCQIEfZACRGmSLIIEaZACR
  H2SBIIEfZACRJGSCQIEkZACRH2SLIIEfZACRJGSBIIEkZACRHWSCQIEdZACRGGSLIIEYZACRHWSB
  IIEdZACRHWSCQIEdZACRGGSLIIEYZACRHWSBIIEdZAD/LwBNVHJrAAABJQD/AwVEcnVtcwCZI2QA
  mTNkg2CJM2QAmTNkgj+JM2QAmTNkgSCJM2QAmTNkAYkjZACZJmSDX4kzZAGZM2SCQIkzZACZM2SB
  IIkmZACJM2QAmSNkAJkzZINgiTNkAJkzZIJAiTNkAJkzZIEgiSNkAIkzZACZJmQAmTNkg2CJM2QA
  mTNkgkCJM2QAmTNkgSCJJmQAiTNkAJkjZACZM2SDYIkzZACZM2SCQIkzZACZM2SBIIkjZACJM2QA
  mSZkAJkzZINgiTNkAJkzZIJAiTNkAJkzZIEgiSZkAIkzZACZI2QAmTNkg2CJM2QAmTNkgkCJM2QA
  mTNkgSCJI2QAiTNkAJkmZACZM2SDYIkzZACZM2SCQIkzZACZM2SBIIkmZACJM2QA/y8ATVRyawAA
  ABUA/wMKUGVyY3Vzc2lvbgDDdAD/LwBNVHJrAAAAlQD/AwZHdWl0YXIAxBkAlD5kAJRBZACURWQA
  lDxkjwCEPmQAhEFkAIRFZACEPGQAlENkAJRHZACUPmQAlEFkjwCEQ2QAhEdkAIQ+ZACEQWQAlDxk
  AJRAZACUQ2QAlEdkjwCEPGQAhEBkAIRDZACER2QAlDxkAJRAZACUQ2QAlEdkjwCEPGQAhEBkAIRD
  ZACER2QA/y8A
