output: !!binary |
  TVRoZAAAAAYAAQAEA8BNVHJrAAAACwD/UQMHoSAA/y8ATVRyawAABD8A/wMFUGlhbm8AwAAAkDxk
  AJBAZACQQ2QAkEdkjD+APGQAgEBkAIBDZACAR2QAkDxkAJBAZACQQ2QAkEdkgSCAPGQAgEBkAIBD
  ZACAR2SQIZA+ZACQQWQAkEVkAJA8ZIw/gD5kAIBBZACARWQAgDxkAJA+ZACQQWQAkEVkAJA8ZIEg
  gD5kAIBBZACARWQAgDxkkCGQQGQAkENkAJBHZACQPmSMP4BAZACAQ2QAgEdkAIA+ZAGQQGQAkENk
  AJBHZACQPmSBIIBAZACAQ2QAgEdkAIA+ZJAgkEFkAJBFZACQPGQAkEBkjD+AQWQAgEVkAIA8ZACA
  QGQBkEFkAJBFZACQPGQAkEBkgSCAQWQAgEVkAIA8ZACAQGSQIJBDZACQR2QAkD5kAJBBZIw/gENk
  AIBHZACAPmQAgEFkAZBDZACQR2QAkD5kAJBBZIEggENkAIBHZACAPmQAgEFkkCCQRWQAkDxkAJBA
  ZACQQ2SMP4BFZACAPGQAgEBkAIBDZAGQRWQAkDxkAJBAZACQQ2SBIIBFZACAPGQAgEBkAIBDZJAg
  kEdkAJA+ZACQQWQAkEVkjD+AR2QAgD5kAIBBZACARWQBkEdkAJA+ZACQQWQAkEVkgSCAR2QAgD5k
  AIBBZACARWSQIJA8ZACQQGQAkENkAJBHZIw/gDxkAIBAZACAQ2QAgEdkAZA8ZACQQGQAkENkAJBH
  ZIEggDxkAIBAZACAQ2QAgEdkkCCQPGQAkEBkAJBDZACQR2SMP4A8ZACAQGQAgENkAIBHZACQPGQA
  kEBkAJBDZACQR2SBIIA8ZACAQGQAgENkAIBHZJAhkEdkAJA+ZACQQWQAkEVkjD+AR2QAgD5kAIBB
  ZACARWQBkEdkAJA+ZACQQWQAkEVkgSCAR2QAgD5kAIBBZACARWSQIJBFZACQPGQAkEBkAJBDZIw/
  gEVkAIA8ZACAQGQAgENkAZBFZACQPGQAkEBkAJBDZIEggEVkAIA8ZACAQGQAgENkkCCQQ2QAkEdk
  AJA+ZACQQWSMP4BDZACAR2QAgD5kAIBBZAGQQ2QAkEdkAJA+ZACQQWSBIIBDZACAR2QAgD5kAIBB
  ZJAgkEFkAJBFZACQPGQAkEBkjD+AQWQAgEVkAIA8ZACAQGQBkEFkAJBFZACQPGQAkEBkgSCAQWQA
  gEVkAIA8ZACAQGSQIJBAZACQQ2QAkEdkAJA+ZIw/gEBkAIBDZACAR2QAgD5kAZBAZACQQ2QAkEdk
  AJA+ZIEggEBkAIBDZACAR2QAgD5kkCCQPmQAkEFkAJBFZACQPGSMP4A+ZACAQWQAgEVkAIA8ZAGQ
  PmQAkEFkAJBFZACQPGSBIIA+ZACAQWQAgEVkAIA8ZJAgkDxkAJBAZACQQ2QAkEdkjD+APGQAgEBk
  AIBDZACAR2QBkDxkAJBAZACQQ2QAkEdkgSCAPGQAgEBkAIBDZACAR2QA/y8ATVRyawAAAk8A/wME
  QmFzcwDBIACRJGSHQIEkZACRKGSHQIEoZACRK2SHQIErZACRL2SHQIEvZACRJmSHQIEmZACRKWSH
  QIEpZACRLWSHQIEtZACRJGSHQIEkZACRKGSHQIEoZACRK2SHQIErZACRL2SHQIEvZACRJmSHQIEm
  ZACRKWSHQIEpZACRLWSHQIEtZACRJGSHQIEkZACRKGSHQIEoZACRK2SHQIErZACRL2SHQIEvZACR
  JmSHQIEmZACRKWSHQIEpZACRLWSHQIEtZACRJGSHQIEkZACRKGSHQIEoZACRK2SHQIErZACRL2SH
  QIEvZACRJmSHQIEmZACRKWSHQIEpZACRLWSHQIEtZACRJGSHQIEkZACRKGSHQIEoZACRK2SHQIEr
  ZACRL2SHQIEvZACRJGSHQIEkZACRKGSHQIEoZACRK2SHQIErZACRL2SHQIEvZACRL2SHQIEvZACR
  JmSHQIEmZACRKWSHQIEpZACRLWSHQIEtZACRLWSHQIEtZACRJGSHQIEkZACRKGSHQIEoZACRK2SH
  QIErZACRK2SHQIErZACRL2SHQIEvZACRJmSHQIEmZACRKWSHQIEpZACRKWSHQIEpZACRLWSHQIEt
  ZACRJGSHQIEkZACRKGSHQIEoZACRKGSHQIEoZACRK2SHQIErZACRL2SHQIEvZACRJmSHQIEmZACR
  JmSHQIEmZACRKWSHQIEpZACRLWSHQIEtZACRJGSHQIEkZACRJGSHQIEkZACRKGSHQIEoZACRK2SH
  QIErZACRL2SHQIEvZAD/LwBNVHJrAAAFfQD/AwVEcnVtcwCZI2QAmTNkh0CJM2QAmTNkhH+JM2QA
  mTNkgkCJM2QAmTNkAYkjZACZI2SFAJkmZII/iTNkAZkzZIUAiTNkAIkmZACZM2QAmSZkgkCJI2QA
  iTNkAIkmZACZI2QAmTNkh0CJM2QAmTNkhQCJM2QAmTNkgkCJI2QAiTNkAJkjZACZM2SFAJkmZIJA
  iTNkAJkzZIUAiTNkAIkmZACZM2QAmSZkgkCJI2QAiTNkAIkmZACZI2QAmTNkh0CJM2QAmTNkhQCJ
  M2QAmTNkgkCJI2QAiTNkAJkjZACZM2SFAJkmZIJAiTNkAJkzZIUAiTNkAIkmZACZM2QAmSZkgkCJ
  I2QAiTNkAIkmZACZI2QAmTNkh0CJM2QAmTNkhQCJM2QAmTNkgkCJI2QAiTNkAJkjZACZM2SFAJkm
  ZIJAiTNkAJkzZIUAiTNkAIkmZACZM2QAmSZkgkCJI2QAiTNkAIkmZACZI2QAmTNkh0CJM2QAmTNk
  hQCJM2QAmTNkgkCJI2QAiTNkAJkjZACZM2SFAJkmZIJAiTNkAJkzZIUAiTNkAIkmZACZM2QAmSZk
  gkCJI2QAiTNkAIkmZACZI2QAmTNkh0CJM2QAmTNkhQCJM2QAmTNkgkCJI2QAiTNkAJkjZACZM2SF
  AJkmZIJAiTNkAJkzZIUAiTNkAIkmZACZM2QAmSZkgkCJI2QAiTNkAIkmZACZI2QAmTNkh0CJM2QA
  mTNkhQCJM2QAmTNkgkCJI2QAiTNkAJkjZACZM2SFAJkmZIJAiTNkAJkzZIUAiTNkAIkmZACZM2QA
  mSZkgkCJI2QAiTNkAIkmZACZI2QAmTNkh0CJM2QAmTNkhQCJM2QAmTNkgkCJI2QAiTNkAJkjZACZ
  M2SFAJkmZIJAiTNkAJkzZIUAiTNkAIkmZACZM2QAmSZkgkCJI2QAiTNkAIkmZACZI2QAmTNkh0CJ
  M2QAmTNkhH+JM2QAmTNkgkCJM2QBiSNkAJkjZACZM2SFAJkmZIJAiTNkAJkzZIUAiTNkAIkmZACZ
  M2QAmSZkgkCJI2QAiTNkAIkmZACZI2QAmTNkh0CJM2QAmTNkhQCJM2QAmTNkgkCJI2QAiTNkAJkj
  ZACZM2SFAJkmZIJAiTNkAJkzZIUAiTNkAIkmZACZM2QAmSZkgkCJI2QAiTNkAIkmZACZI2QAmTNk
  h0CJM2QAmTNkhQCJM2QAmTNkgkCJI2QAiTNkAJkjZACZM2SFAJkmZIJAiTNkAJkzZIUAiTNkAIkm
  ZACZM2QAmSZkgkCJI2QAiTNkAIkmZACZI2QAmTNkh0CJM2QAmTNkhQCJM2QAmTNkgkCJI2QAiTNk
  AJkjZACZM2SFAJkmZIJAiTNkAJkzZIUAiTNkAIkmZACZM2QAmSZkgkCJI2QAiTNkAIkmZACZI2QA
  mTNkh0CJM2QAmTNkhQCJM2QAmTNkgkCJI2QAiTNkAJkjZACZM2SFAJkmZIJAiTNkAJkzZIUAiTNk
  AIkmZACZM2QAmSZkgkCJI2QAiTNkAIkmZACZI2QAmTNkh0CJM2QAmTNkhQCJM2QAmTNkgkCJI2QA
  iTNkAJkjZACZM2SFAJkmZIJAiTNkAJkzZIUAiTNkAIkmZACZM2QAmSZkgkCJI2QAiTNkAIkmZACZ
  I2QAmTNkh0CJM2QAmTNkhQCJM2QAmTNkgkCJI2QAiTNkAJkjZACZM2SFAJkmZIJAiTNkAJkzZIUA
  iTNkAIkmZACZM2QAmSZkgkCJI2QAiTNkAIkmZACZI2QAmTNkh0CJM2QAmTNkhQCJM2QAmTNkgkCJ
  I2QAiTNkAJkjZACZM2SFAJkmZIJAiTNkAJkzZIUAiTNkAIkmZACZM2QAmSZkgkCJI2QAiTNkAIkm
  ZAD/LwA=
